


ARM Macro Assembler    Page 1 


    1 00000000                 AREA             Divide, CODE, READONLY
    2 00000000                 IMPORT           main
    3 00000000                 EXPORT           start
    4 00000000         
    5 00000000         start
    6 00000000 E3A00000        LDR              R0, =0x0    ; Quotient
    7 00000004 E3A01000        LDR              R1, =0x0    ; Remainder
    8 00000008 E3A02005        LDR              R2, =0X5    ; a
    9 0000000C E3A03002        LDR              R3, =0X2    ; b
   10 00000010         
   11 00000010 E1A01002        MOV              R1, R2
   12 00000014         
   13 00000014         WHILE
   14 00000014 E1510003        CMP              R1, R3
   15 00000018 3A000002        BLO              ENDWH
   16 0000001C E0411003        SUB              R1, R1, R3
   17 00000020 E2800001        ADD              R0, R0, #1
   18 00000024 EAFFFFFA        B                WHILE
   19 00000028         ENDWH
   20 00000028         
   21 00000028 EAFFFFFE 
                       stop    B                stop
   22 0000002C         
   23 0000002C                 END
Command Line: --debug --xref --diag_suppress=9931 --apcs=interwork --depend=.\d
ivide.d -o.\divide.o -IC:\Keil_v5\ARM\RV31\INC -IC:\Keil_v5\ARM\CMSIS\Include -
IC:\Keil_v5\ARM\INC\Philips --predefine="__EVAL SETA 1" --predefine="__MICROLIB
 SETA 1" --predefine="__UVISION_VERSION SETA 524" --predefine="NO_CLOCK_SETUP S
ETA 1" --predefine="NO_EMC_SETUP SETA 1" --predefine="RAM_INTVEC SETA 1" --pred
efine="RAM_MODE SETA 1" --predefine="REMAP SETA 1" --list=.\divide.lst Divide.s



ARM Macro Assembler    Page 1 Alphabetic symbol ordering
Relocatable symbols

Divide 00000000

Symbol: Divide
   Definitions
      At line 1 in file Divide.s
   Uses
      None
Comment: Divide unused
ENDWH 00000028

Symbol: ENDWH
   Definitions
      At line 19 in file Divide.s
   Uses
      At line 15 in file Divide.s
Comment: ENDWH used once
WHILE 00000014

Symbol: WHILE
   Definitions
      At line 13 in file Divide.s
   Uses
      At line 18 in file Divide.s
Comment: WHILE used once
start 00000000

Symbol: start
   Definitions
      At line 5 in file Divide.s
   Uses
      At line 3 in file Divide.s
Comment: start used once
stop 00000028

Symbol: stop
   Definitions
      At line 21 in file Divide.s
   Uses
      At line 21 in file Divide.s
Comment: stop used once
5 symbols



ARM Macro Assembler    Page 1 Alphabetic symbol ordering
External symbols

main 00000000

Symbol: main
   Definitions
      At line 2 in file Divide.s
   Uses
      None
Comment: main unused
1 symbol
344 symbols in table
